* _pp.ob
MODULE comment;

BEGIN
    
END comment.
[6]* c
[6]#include <stdio.h>
[6]int main (int argc, char *argv[0]) {
[6]    ;
[6]    return 0;
[6]}
