* _pp.ob
MODULE emptymodule;
END emptymodule.
[6]* c
[6]#include <stdio.h>
[6]int main (int argc, char *argv[0]) {
[6]    return 0;
[6]}
