ObrInt(ExcOk2,Vector(IntParam(IdnDef(i))),Vector(RaiseStmt(IdnUse(CountException))),ExcOk2)
