ObrInt(ExcOk1,Vector(IntParam(IdnDef(i)), ExnConst(IdnDef(CountException))),Vector(),ExcOk1)
