ObrInt(ExcOk3,Vector(IntParam(IdnDef(i))),Vector(TryStmt(TryBody(Vector(AssignStmt(IdnExp(IdnUse(Average)),SlashExp(IdnExp(IdnUse(Quantity)),IdnExp(IdnUse(Count)))), AssignStmt(IdnExp(IdnUse(Result)),StarExp(IdnExp(IdnUse(Average)),IdnExp(IdnUse(Frequency)))))),Vector(Catch(IdnUse(DivideByZero),Vector(AssignStmt(IdnExp(IdnUse(Result)),IntExp(0))))))),ExcOk3)
