* _pp.ob
MODULE const;

    CONST
        aconst1 = 1;
        aconst2 = aconst1 + 100;
        aconst3 = 400 DIV aconst2;
        aconst4 = noconst + 1;
        aconst5 = 1 DIV 0;
        aconst6 = 2 MOD (3 DIV 4);

    VAR
        avar : INTEGER;

BEGIN
    avar := aconst1 * aconst2 MOD aconst3 - aconst4;
    aconst1 := 42
END const.
* errors
src/test/scala/org/bitbucket/inkytonik/kiama/example/oberon0/L0/tests/const.ob:7:15:error: noconst is not declared
    aconst4 = noconst + 1;
              ^
src/test/scala/org/bitbucket/inkytonik/kiama/example/oberon0/L0/tests/const.ob:8:21:error: division by zero in constant expression
    aconst5 = 1 DIV 0;
                    ^
src/test/scala/org/bitbucket/inkytonik/kiama/example/oberon0/L0/tests/const.ob:9:22:error: modulus by zero in constant expression
    aconst6 = 2 MOD (3 DIV 4);
                     ^
[2]src/test/scala/org/bitbucket/inkytonik/kiama/example/oberon0/L0/tests/const.ob:16:5:error: illegal assignment
[2]    aconst1 := 42
[2]    ^
