* _pp.ob
MODULE aname;

    VAR
        i : INTEGER;

END i.
* errors
src/test/scala/org/bitbucket/inkytonik/kiama/example/oberon0/L0/tests/nonmoduleasmodulename.ob:6:5:error: end module name 'i' should be 'aname'
END i.
    ^
