src/test/scala/org/bitbucket/inkytonik/kiama/example/transform/tests/test8.exp:2:1:error: string matching regex '[a-zA-Z]+' expected but end of source found

^
