Program(Vector((+,1)),Vector(),BinExpR(Num(1),+,Factor(Num(2))))
BinExp(Num(1),+,Num(2))
