Block(List(Assign(y,v), Assign(x,v), While(x,Block(List(Assign(x,v)))), Return(x)))
