src/test/scala/org/bitbucket/inkytonik/kiama/example/obr/tests/enum/parser/enumerr3b.obr:6:23:error: ')' expected but 'e' found
    x : ( harold, bob eugene );
                      ^
